--- PROFESSIONAL TEST REPORT ---
[PASS] [UNIT] Health Check Endpoint
[PASS] [UNIT] Input Validation (Missing Field)
[PASS] [INTEGRATION] Contact Form -> DB -> Response
[PASS] [SECURITY] SQL Injection Resilience
[PASS] [SECURITY] XSS Payload Handling

SUMMARY:
[UNIT] PASS: 2 | FAIL: 0
[INTEGRATION] PASS: 1 | FAIL: 0
[SECURITY] PASS: 2 | FAIL: 0
[PERFORMANCE] PASS: 0 | FAIL: 0
